current directory: /home/sleep/schedule2/vendor/bundle/ruby/3.2.0/gems/date-3.5.1/ext/date
/usr/bin/ruby3.2 -I/usr/lib/ruby/vendor_ruby extconf.rb
checking for rb_category_warn()... yes
checking for timezone in time.h with  -Werror... yes
checking for altzone in time.h with  -Werror... no
creating Makefile

current directory: /home/sleep/schedule2/vendor/bundle/ruby/3.2.0/gems/date-3.5.1/ext/date
make DESTDIR\= sitearchdir\=./.gem.20260209-93079-j456eq sitelibdir\=./.gem.20260209-93079-j456eq clean

current directory: /home/sleep/schedule2/vendor/bundle/ruby/3.2.0/gems/date-3.5.1/ext/date
make DESTDIR\= sitearchdir\=./.gem.20260209-93079-j456eq sitelibdir\=./.gem.20260209-93079-j456eq
compiling date_core.c
compiling date_parse.c
compiling date_strftime.c
compiling date_strptime.c
linking shared-object date_core.so

current directory: /home/sleep/schedule2/vendor/bundle/ruby/3.2.0/gems/date-3.5.1/ext/date
make DESTDIR\= sitearchdir\=./.gem.20260209-93079-j456eq sitelibdir\=./.gem.20260209-93079-j456eq install
/usr/bin/install -c -m 0755 date_core.so ./.gem.20260209-93079-j456eq

current directory: /home/sleep/schedule2/vendor/bundle/ruby/3.2.0/gems/date-3.5.1/ext/date
make DESTDIR\= sitearchdir\=./.gem.20260209-93079-j456eq sitelibdir\=./.gem.20260209-93079-j456eq clean
